mapbox_mvt_backend\entity\DBConnectSetting.class
mapbox_mvt_backend\dao\StyleTemplateDao.class
mapbox_mvt_backend\controller\StyleTemplateController.class
mapbox_mvt_backend\MapboxMvtBackendApplication.class
mapbox_mvt_backend\dao\MvtDao.class
mapbox_mvt_backend\service\TileJsonService.class
mapbox_mvt_backend\entity\dto\dataSource\AddPgDTO.class
mapbox_mvt_backend\entity\dto\dataSource\AddWMTSDTO.class
mapbox_mvt_backend\entity\SymbolInfo.class
META-INF\spring-configuration-metadata.json
mapbox_mvt_backend\entity\UserInfo.class
mapbox_mvt_backend\service\StyleService.class
mapbox_mvt_backend\dao\WMTSSourceDao.class
mapbox_mvt_backend\entity\response\ResultEnum.class
mapbox_mvt_backend\dao\MapProjectDao.class
mapbox_mvt_backend\dao\SymbolDao.class
mapbox_mvt_backend\entity\dto\dataSource\AddTMSDTO.class
mapbox_mvt_backend\controller\GlyphsController.class
mapbox_mvt_backend\controller\TileJsonController.class
mapbox_mvt_backend\controller\MapProjectController.class
mapbox_mvt_backend\dao\PgSourceDao.class
mapbox_mvt_backend\entity\TileSetJson.class
mapbox_mvt_backend\entity\dto\PageDTO.class
mapbox_mvt_backend\utils\MyFileUtiles.class
mapbox_mvt_backend\controller\UserController.class
mapbox_mvt_backend\service\MapProjectService.class
mapbox_mvt_backend\service\SpriteService.class
mapbox_mvt_backend\dao\MyPgSourceDao.class
mapbox_mvt_backend\entity\TileJson.class
mapbox_mvt_backend\controller\MvtController.class
mapbox_mvt_backend\config\InitStoreDir.class
mapbox_mvt_backend\entity\dto\dataSource\AddMbtilesDTO.class
mapbox_mvt_backend\controller\StyleController.class
mapbox_mvt_backend\service\SymbolService.class
mapbox_mvt_backend\entity\Style.class
mapbox_mvt_backend\utils\MvtUtils.class
mapbox_mvt_backend\entity\StyleTemplate.class
mapbox_mvt_backend\service\ShpService.class
mapbox_mvt_backend\service\FontService.class
mapbox_mvt_backend\entity\dto\AttrValueSearchDTO.class
mapbox_mvt_backend\entity\SqliteConnectMap.class
mapbox_mvt_backend\controller\HelloController.class
mapbox_mvt_backend\entity\WMTSSource.class
mapbox_mvt_backend\config\MultiPGInit.class
mapbox_mvt_backend\entity\dto\GetMaxMinValueDTO.class
mapbox_mvt_backend\dao\MbtilesSourceDao.class
mapbox_mvt_backend\entity\dto\CreateTileJsonDTO.class
mapbox_mvt_backend\entity\MyId.class
mapbox_mvt_backend\controller\SymbolController.class
mapbox_mvt_backend\dao\TileSetJsonDao.class
mapbox_mvt_backend\service\CommonService.class
mapbox_mvt_backend\dao\TileJsonDao.class
mapbox_mvt_backend\entity\dto\TileVectorLayersDTO.class
mapbox_mvt_backend\entity\TMSSource.class
mapbox_mvt_backend\entity\dto\dataSource\AddThirdPartSourceDTO.class
mapbox_mvt_backend\controller\SpriteController.class
mapbox_mvt_backend\entity\ShpInfo.class
mapbox_mvt_backend\service\MvtService.class
mapbox_mvt_backend\entity\dto\CreateTileCacheDTO.class
mapbox_mvt_backend\entity\PGConnectMap.class
mapbox_mvt_backend\entity\MapStyle.class
mapbox_mvt_backend\dao\ShpProcessDao.class
mapbox_mvt_backend\entity\response\JsonResult.class
mapbox_mvt_backend\utils\MyShpUtils.class
mapbox_mvt_backend\service\StyleTemplateService.class
mapbox_mvt_backend\config\MultiSqliteInit.class
mapbox_mvt_backend\entity\MbtilesSource.class
mapbox_mvt_backend\entity\PgSource.class
mapbox_mvt_backend\entity\ThirdPartSource.class
mapbox_mvt_backend\service\DataSourceService.class
mapbox_mvt_backend\entity\Font.class
mapbox_mvt_backend\service\TileCacheService.class
mapbox_mvt_backend\config\SwaggerConfig.class
mapbox_mvt_backend\controller\MapStyleController.class
mapbox_mvt_backend\dao\MapStyleDao.class
mapbox_mvt_backend\dao\ShpInfoDao.class
mapbox_mvt_backend\dao\TMSSourceDao.class
mapbox_mvt_backend\dao\MySqliteDao.class
mapbox_mvt_backend\entity\MapProject.class
mapbox_mvt_backend\controller\DataSourceController.class
mapbox_mvt_backend\controller\TileCacheController.class
mapbox_mvt_backend\dao\UserInfoDao.class
mapbox_mvt_backend\dao\StyleDao.class
mapbox_mvt_backend\dao\ThirdPartSourceDao.class
mapbox_mvt_backend\entity\dto\TilesDTO.class
mapbox_mvt_backend\controller\ShpController.class
mapbox_mvt_backend\entity\dto\AddDataSourceDTO.class
mapbox_mvt_backend\utils\ResponseResult.class
mapbox_mvt_backend\config\jdbcConfig.class
mapbox_mvt_backend\controller\FontController.class
