E:\GitProject\mapbox_mvt_backend\src\main\java\mapbox_mvt_backend\controller\StyleTemplateController.java
E:\GitProject\mapbox_mvt_backend\src\main\java\mapbox_mvt_backend\entity\TMSSource.java
E:\GitProject\mapbox_mvt_backend\src\main\java\mapbox_mvt_backend\service\DataSourceService.java
E:\GitProject\mapbox_mvt_backend\src\main\java\mapbox_mvt_backend\entity\PgSource.java
E:\GitProject\mapbox_mvt_backend\src\main\java\mapbox_mvt_backend\utils\MvtUtils.java
E:\GitProject\mapbox_mvt_backend\src\main\java\mapbox_mvt_backend\entity\dto\GetMaxMinValueDTO.java
E:\GitProject\mapbox_mvt_backend\src\main\java\mapbox_mvt_backend\dao\MapProjectDao.java
E:\GitProject\mapbox_mvt_backend\src\main\java\mapbox_mvt_backend\entity\dto\dataSource\AddPgDTO.java
E:\GitProject\mapbox_mvt_backend\src\main\java\mapbox_mvt_backend\entity\StyleTemplate.java
E:\GitProject\mapbox_mvt_backend\src\main\java\mapbox_mvt_backend\service\StyleService.java
E:\GitProject\mapbox_mvt_backend\src\main\java\mapbox_mvt_backend\service\MvtService.java
E:\GitProject\mapbox_mvt_backend\src\main\java\mapbox_mvt_backend\controller\SpriteController.java
E:\GitProject\mapbox_mvt_backend\src\main\java\mapbox_mvt_backend\entity\DBConnectSetting.java
E:\GitProject\mapbox_mvt_backend\src\main\java\mapbox_mvt_backend\dao\ShpInfoDao.java
E:\GitProject\mapbox_mvt_backend\src\main\java\mapbox_mvt_backend\dao\ShpProcessDao.java
E:\GitProject\mapbox_mvt_backend\src\main\java\mapbox_mvt_backend\entity\MbtilesSource.java
E:\GitProject\mapbox_mvt_backend\src\main\java\mapbox_mvt_backend\dao\MyPgSourceDao.java
E:\GitProject\mapbox_mvt_backend\src\main\java\mapbox_mvt_backend\MapboxMvtBackendApplication.java
E:\GitProject\mapbox_mvt_backend\src\main\java\mapbox_mvt_backend\service\SymbolService.java
E:\GitProject\mapbox_mvt_backend\src\main\java\mapbox_mvt_backend\controller\FontController.java
E:\GitProject\mapbox_mvt_backend\src\main\java\mapbox_mvt_backend\entity\SymbolInfo.java
E:\GitProject\mapbox_mvt_backend\src\main\java\mapbox_mvt_backend\dao\MapStyleDao.java
E:\GitProject\mapbox_mvt_backend\src\main\java\mapbox_mvt_backend\entity\response\ResultEnum.java
E:\GitProject\mapbox_mvt_backend\src\main\java\mapbox_mvt_backend\entity\MapProject.java
E:\GitProject\mapbox_mvt_backend\src\main\java\mapbox_mvt_backend\service\SpriteService.java
E:\GitProject\mapbox_mvt_backend\src\main\java\mapbox_mvt_backend\dao\MySqliteDao.java
E:\GitProject\mapbox_mvt_backend\src\main\java\mapbox_mvt_backend\entity\dto\CreateTileCacheDTO.java
E:\GitProject\mapbox_mvt_backend\src\main\java\mapbox_mvt_backend\controller\MvtController.java
E:\GitProject\mapbox_mvt_backend\src\main\java\mapbox_mvt_backend\entity\MyId.java
E:\GitProject\mapbox_mvt_backend\src\main\java\mapbox_mvt_backend\config\MultiPGInit.java
E:\GitProject\mapbox_mvt_backend\src\main\java\mapbox_mvt_backend\dao\WMTSSourceDao.java
E:\GitProject\mapbox_mvt_backend\src\main\java\mapbox_mvt_backend\entity\dto\PageDTO.java
E:\GitProject\mapbox_mvt_backend\src\main\java\mapbox_mvt_backend\dao\TileJsonDao.java
E:\GitProject\mapbox_mvt_backend\src\main\java\mapbox_mvt_backend\controller\SymbolController.java
E:\GitProject\mapbox_mvt_backend\src\main\java\mapbox_mvt_backend\controller\ShpController.java
E:\GitProject\mapbox_mvt_backend\src\main\java\mapbox_mvt_backend\service\MapStyleService.java
E:\GitProject\mapbox_mvt_backend\src\main\java\mapbox_mvt_backend\controller\HelloController.java
E:\GitProject\mapbox_mvt_backend\src\main\java\mapbox_mvt_backend\entity\UserInfo.java
E:\GitProject\mapbox_mvt_backend\src\main\java\mapbox_mvt_backend\controller\MapStyleController.java
E:\GitProject\mapbox_mvt_backend\src\main\java\mapbox_mvt_backend\entity\ShpInfo.java
E:\GitProject\mapbox_mvt_backend\src\main\java\mapbox_mvt_backend\utils\MyFileUtiles.java
E:\GitProject\mapbox_mvt_backend\src\main\java\mapbox_mvt_backend\entity\dto\dataSource\AddTMSDTO.java
E:\GitProject\mapbox_mvt_backend\src\main\java\mapbox_mvt_backend\service\StyleTemplateService.java
E:\GitProject\mapbox_mvt_backend\src\main\java\mapbox_mvt_backend\entity\dto\TileVectorLayersDTO.java
E:\GitProject\mapbox_mvt_backend\src\main\java\mapbox_mvt_backend\config\SwaggerConfig.java
E:\GitProject\mapbox_mvt_backend\src\main\java\mapbox_mvt_backend\controller\TileJsonController.java
E:\GitProject\mapbox_mvt_backend\src\main\java\mapbox_mvt_backend\entity\dto\dataSource\AddWMTSDTO.java
E:\GitProject\mapbox_mvt_backend\src\main\java\mapbox_mvt_backend\dao\MvtDao.java
E:\GitProject\mapbox_mvt_backend\src\main\java\mapbox_mvt_backend\entity\Style.java
E:\GitProject\mapbox_mvt_backend\src\main\java\mapbox_mvt_backend\entity\Font.java
E:\GitProject\mapbox_mvt_backend\src\main\java\mapbox_mvt_backend\utils\ResponseResult.java
E:\GitProject\mapbox_mvt_backend\src\main\java\mapbox_mvt_backend\entity\dto\CreateTileJsonDTO.java
E:\GitProject\mapbox_mvt_backend\src\main\java\mapbox_mvt_backend\entity\PGConnectMap.java
E:\GitProject\mapbox_mvt_backend\src\main\java\mapbox_mvt_backend\dao\SymbolDao.java
E:\GitProject\mapbox_mvt_backend\src\main\java\mapbox_mvt_backend\entity\dto\dataSource\AddThirdPartSourceDTO.java
E:\GitProject\mapbox_mvt_backend\src\main\java\mapbox_mvt_backend\controller\UserController.java
E:\GitProject\mapbox_mvt_backend\src\main\java\mapbox_mvt_backend\service\FontService.java
E:\GitProject\mapbox_mvt_backend\src\main\java\mapbox_mvt_backend\entity\ThirdPartSource.java
E:\GitProject\mapbox_mvt_backend\src\main\java\mapbox_mvt_backend\config\InitStoreDir.java
E:\GitProject\mapbox_mvt_backend\src\main\java\mapbox_mvt_backend\dao\ThirdPartSourceDao.java
E:\GitProject\mapbox_mvt_backend\src\main\java\mapbox_mvt_backend\service\TileCacheService.java
E:\GitProject\mapbox_mvt_backend\src\main\java\mapbox_mvt_backend\entity\dto\AddDataSourceDTO.java
E:\GitProject\mapbox_mvt_backend\src\main\java\mapbox_mvt_backend\entity\dto\AttrValueSearchDTO.java
E:\GitProject\mapbox_mvt_backend\src\main\java\mapbox_mvt_backend\service\ShpService.java
E:\GitProject\mapbox_mvt_backend\src\main\java\mapbox_mvt_backend\dao\StyleTemplateDao.java
E:\GitProject\mapbox_mvt_backend\src\main\java\mapbox_mvt_backend\config\jdbcConfig.java
E:\GitProject\mapbox_mvt_backend\src\main\java\mapbox_mvt_backend\controller\GlyphsController.java
E:\GitProject\mapbox_mvt_backend\src\main\java\mapbox_mvt_backend\controller\StyleController.java
E:\GitProject\mapbox_mvt_backend\src\main\java\mapbox_mvt_backend\service\CommonService.java
E:\GitProject\mapbox_mvt_backend\src\main\java\mapbox_mvt_backend\dao\PgSourceDao.java
E:\GitProject\mapbox_mvt_backend\src\main\java\mapbox_mvt_backend\entity\dto\dataSource\AddMbtilesDTO.java
E:\GitProject\mapbox_mvt_backend\src\main\java\mapbox_mvt_backend\service\MapProjectService.java
E:\GitProject\mapbox_mvt_backend\src\main\java\mapbox_mvt_backend\dao\TMSSourceDao.java
E:\GitProject\mapbox_mvt_backend\src\main\java\mapbox_mvt_backend\entity\MapStyle.java
E:\GitProject\mapbox_mvt_backend\src\main\java\mapbox_mvt_backend\service\TileJsonService.java
E:\GitProject\mapbox_mvt_backend\src\main\java\mapbox_mvt_backend\controller\DataSourceController.java
E:\GitProject\mapbox_mvt_backend\src\main\java\mapbox_mvt_backend\entity\TileJson.java
E:\GitProject\mapbox_mvt_backend\src\main\java\mapbox_mvt_backend\entity\SqliteConnectMap.java
E:\GitProject\mapbox_mvt_backend\src\main\java\mapbox_mvt_backend\entity\TileSetJson.java
E:\GitProject\mapbox_mvt_backend\src\main\java\mapbox_mvt_backend\dao\UserInfoDao.java
E:\GitProject\mapbox_mvt_backend\src\main\java\mapbox_mvt_backend\config\MultiSqliteInit.java
E:\GitProject\mapbox_mvt_backend\src\main\java\mapbox_mvt_backend\dao\MbtilesSourceDao.java
E:\GitProject\mapbox_mvt_backend\src\main\java\mapbox_mvt_backend\entity\dto\TilesDTO.java
E:\GitProject\mapbox_mvt_backend\src\main\java\mapbox_mvt_backend\entity\response\JsonResult.java
E:\GitProject\mapbox_mvt_backend\src\main\java\mapbox_mvt_backend\utils\MyShpUtils.java
E:\GitProject\mapbox_mvt_backend\src\main\java\mapbox_mvt_backend\controller\MapProjectController.java
E:\GitProject\mapbox_mvt_backend\src\main\java\mapbox_mvt_backend\dao\TileSetJsonDao.java
E:\GitProject\mapbox_mvt_backend\src\main\java\mapbox_mvt_backend\config\PGConfig.java
E:\GitProject\mapbox_mvt_backend\src\main\java\mapbox_mvt_backend\entity\WMTSSource.java
E:\GitProject\mapbox_mvt_backend\src\main\java\mapbox_mvt_backend\controller\TileCacheController.java
E:\GitProject\mapbox_mvt_backend\src\main\java\mapbox_mvt_backend\dao\StyleDao.java
